(2 3 8 12 15 18 25 29 31 40 47 53 58 63 66 71 81 82 87 93 97)
